// Bun Snapshot v1, https://bun.sh/docs/test/snapshots

exports[`GET /api/settings/languages a disabled language list falls back to the defaults 1`] = `
[
  "af",
  "am",
  "ar",
  "az",
  "be",
  "bg",
  "bn",
  "bs",
  "ca",
  "cs",
  "cy",
  "da",
  "de",
  "el",
  "en",
  "eo",
  "es",
  "et",
  "eu",
  "fa",
  "fi",
  "fr",
  "ga",
  "gl",
  "gu",
  "he",
  "hi",
  "hr",
  "hu",
  "hy",
  "id",
  "is",
  "it",
  "ja",
  "ka",
  "kk",
  "km",
  "kn",
  "ko",
  "ku",
  "ky",
  "lb",
  "lo",
  "lt",
  "lv",
  "mk",
  "ml",
  "mn",
  "mr",
  "ms",
  "my",
  "ne",
  "nl",
  "no",
  "or",
  "pa",
  "pl",
  "ps",
  "pt",
  "ro",
  "ru",
  "sd",
  "si",
  "sk",
  "sl",
  "so",
  "sq",
  "sr",
  "st",
  "sv",
  "sw",
  "ta",
  "te",
  "tg",
  "th",
  "tk",
  "tl",
  "tr",
  "uk",
  "ur",
  "uz",
  "vi",
  "xh",
  "yi",
  "yo",
  "zh",
  "zu",
]
`;

exports[`appearance, tab order and default engines default engines round-trip 1`] = `
{
  "defaults": {
    "acme-engine": true,
  },
}
`;

exports[`POST /api/settings/proxy-test a disabled proxy reports the direct ip and no proxy ip 1`] = `
{
  "directIp": "198.51.100.9",
  "enabled": false,
  "match": null,
  "proxyIp": null,
}
`;
